// Jest Snapshot v1, https://goo.gl/fbAQLP

exports[`App should render all the time equally with data 1`] = `
<div>
  <div>
    <h1
      class="h1"
    >
      Alcohol consumption worldwide 
       
    </h1>
    <canvas
      height="150"
      width="300"
    />
    <div>
      <h1>
        Ã˜ Average Consumption
      </h1>
      <span
        class="average"
      >
        Beer Consumption Overall: 
        20489
         l / Average: 
        <span
          id="beer"
        >
          <b>
            106.16
             L
          </b>
        </span>
      </span>
      <br />
      <span
        class="average"
      >
        Wine Consumption Overall: 
        9544
         l / Average: 
        <span
          id="wine"
        >
          <b>
            49.45
             L
          </b>
        </span>
      </span>
      <br />
      <span
        class="average"
      >
        Spirit Consumption Overall: 
        15632
         l / Average: 
        <span
          id="spirit"
        >
          <b>
            80.99
             L
          </b>
        </span>
      </span>
      <br />
      <span>
        <b>
          Total Litres of Pure Alcohol Overall: 
          910.4
           l / Average: 
          4.72
           L
        </b>
      </span>
      <br />
    </div>
  </div>
</div>
`;

exports[`App should render all the time equally without data 1`] = `
<div>
  <div>
    <h1>
      country: 
      none
       
    </h1>
    <div
      style="width: 400px; height: 300px;"
    >
      <div
        class="ReactChart "
        style="width: 0px; height: 0px; position: relative;"
      >
        <svg
          style="width: 0px; height: 0px; overflow: hidden;"
        >
          <g
            style="transform: translate3d(20px, 0px, 0);"
          >
            <rect
              height="0"
              style="stroke-width: 0; fill: #333; opacity: 0;"
              width="0"
              x="-20"
              y="0"
            />
            <g
              class="axes"
            >
              <g
                class="Axis"
                style="pointer-events: none; transform: translate3d(0, -20px, 0);"
              >
                <path
                  class="domain"
                  d="
        M 0, 6
        V 0
        H -20
        V 6
      "
                  style="stroke-width: 1; stroke: rgba(0,0,0, .1); fill: transparent; opacity: 1;"
                />
                <g
                  class="ticks"
                />
              </g>
              <g
                class="Axis"
                style="pointer-events: none;"
              >
                <path
                  class="domain"
                  d="
        M -6, -20
        H 0
        V 0
        H -6
      "
                  style="stroke-width: 1; stroke: rgba(0,0,0, .1); fill: transparent; opacity: 1;"
                />
                <g
                  class="ticks"
                />
              </g>
            </g>
            <g
              class="Series"
              style="pointer-events: none;"
            >
              <g
                class="series bar"
              />
            </g>
          </g>
        </svg>
      </div>
    </div>
  </div>
</div>
`;
